[sites.google.com/my-trs.com/trshelpdesk/index.html]
[sites.google.com/my-trs.com/trshelpdesk/POST.0.delayed]
[backblue.gif]
[fade.gif]
[index.html]
[ssl.gstatic.com/atari/images/simple-header-blended-small.png]
[apis.google.com/js/clientc932.js]
[sites.google.com/my-trs.com/trshelpdesk/home.html]
[sites.google.com/my-trs.com/trshelpdesk/overview.html]
[sites.google.com/my-trs.com/trshelpdesk/overview/giving-admin-access.html]
[sites.google.com/my-trs.com/trshelpdesk/overview/accessibility-option.html]
[sites.google.com/my-trs.com/trshelpdesk/overview/reset-trs-admin-password.html]
[sites.google.com/my-trs.com/trshelpdesk/overview/reset-volunteers-password.html]
[sites.google.com/my-trs.com/trshelpdesk/overview/trs-data-privacy-faq.html]
[sites.google.com/my-trs.com/trshelpdesk/build-site-launch.html]
[sites.google.com/my-trs.com/trshelpdesk/build-site-launch/dashboard-navigation.html]
[sites.google.com/my-trs.com/trshelpdesk/build-site-launch/step-1-welcome-page.html]
[sites.google.com/my-trs.com/trshelpdesk/build-site-launch/step-2-registrant-types.html]
[sites.google.com/my-trs.com/trshelpdesk/build-site-launch/step-3-activity-groups.html]
[sites.google.com/my-trs.com/trshelpdesk/build-site-launch/step-4-activitiesschedules.html]
[sites.google.com/my-trs.com/trshelpdesk/build-site-launch/step-5-profile-questions.html]
[sites.google.com/my-trs.com/trshelpdesk/build-site-launch/step-6-waiver-confirm-coming-soon.html]
[sites.google.com/my-trs.com/trshelpdesk/build-site-launch/step-7-optional-payment-settings.html]
[sites.google.com/my-trs.com/trshelpdesk/build-site-launch/step-8-optional-integrations.html]
[sites.google.com/my-trs.com/trshelpdesk/build-site-launch/step-9-required-test-launch-site.html]
[sites.google.com/my-trs.com/trshelpdesk/build-site-launch/update-a-cloned-site.html]
[sites.google.com/my-trs.com/trshelpdesk/registration-management.html]
[sites.google.com/my-trs.com/trshelpdesk/registration-management/user-accounts.html]
[sites.google.com/my-trs.com/trshelpdesk/registration-management/registrant-reports.html]
[sites.google.com/my-trs.com/trshelpdesk/registration-management/registrant-reports/general-guide-to-reports.html]
[sites.google.com/my-trs.com/trshelpdesk/registration-management/registrant-reports/availability-report.html]
[sites.google.com/my-trs.com/trshelpdesk/registration-management/registrant-reports/registration-report.html]
[sites.google.com/my-trs.com/trshelpdesk/registration-management/registrant-reports/update-a-registrants-schedules-profile.html]
[sites.google.com/my-trs.com/trshelpdesk/registration-management/registrant-reports/registrant-communication.html]
[sites.google.com/my-trs.com/trshelpdesk/registration-management/registrant-reports/register-for-an-existing-user.html]
[sites.google.com/my-trs.com/trshelpdesk/registration-management/site-reports.html]
[sites.google.com/my-trs.com/trshelpdesk/registration-management/financial-reports.html]
[sites.google.com/my-trs.com/trshelpdesk/registration-management/saved-reports.html]
[sites.google.com/my-trs.com/trshelpdesk/registration-management/email-campaign-reports.html]
[sites.google.com/my-trs.com/trshelpdesk/registration-management/report-schedules.html]
[sites.google.com/my-trs.com/trshelpdesk/registration-management/check-ins.html]
[sites.google.com/my-trs.com/trshelpdesk/registration-management/imports.html]
[sites.google.com/my-trs.com/trshelpdesk/troubleshoot.html]
[sites.google.com/my-trs.com/trshelpdesk/troubleshoot/add-images-to-description.html]
[sites.google.com/my-trs.com/trshelpdesk/troubleshoot/find-who-broke-rules.html]
[sites.google.com/my-trs.com/trshelpdesk/troubleshoot/how-do-i-view-my-live-site.html]
[sites.google.com/my-trs.com/trshelpdesk/troubleshoot/how-to-open-site-for-registration.html]
[sites.google.com/my-trs.com/trshelpdesk/troubleshoot/why-volunteers-registration-is-incomplete.html]
[sites.google.com/my-trs.com/trshelpdesk/troubleshoot/group-registration-instructions.html]
[sites.google.com/my-trs.com/trshelpdesk/troubleshoot/different-ways-to-set-up-terms-conditions.html]
[sites.google.com/my-trs.com/trshelpdesk/troubleshoot/how-to-cancel-registrations.html]
[sites.google.com/my-trs.com/trshelpdesk/troubleshoot/why-cant-guests-in-group-registration-see-certain-custom-field-questions.html]
[sites.google.com/my-trs.com/trshelpdesk/troubleshoot/attach-files-in-email.html]
[sites.google.com/my-trs.com/trshelpdesk/troubleshoot/check-volunteers-background-check-status.html]
[sites.google.com/my-trs.com/trshelpdesk/troubleshoot/run-report-for-shirt-sizes.html]
[sites.google.com/my-trs.com/trshelpdesk/troubleshoot/add-images-to-activity-description.html]
[sites.google.com/my-trs.com/trshelpdesk/_https_/app.calendarhero.com/assets/widget.js___/script_.34.delayed]
[sites.google.com/my-trs.com/trshelpdesk/index.html]
[sites.google.com/my-trs.com/trshelpdesk/POST.html]
[sites.google.com/my-trs.com/trshelpdesk/home.html]
[sites.google.com/my-trs.com/trshelpdesk/overview/individual-registration-demonstration.html]
[sites.google.com/my-trs.com/trshelpdesk/overview/group-registration-instructions.html]
[sites.google.com/my-trs.com/trshelpdesk/overview.html]
[sites.google.com/my-trs.com/trshelpdesk/overview/mobile-friendly-faq.html]
[sites.google.com/my-trs.com/trshelpdesk/overview/POST.38.delayed]
[sites.google.com/my-trs.com/trshelpdesk/overview/giving-admin-access.html]
[sites.google.com/my-trs.com/trshelpdesk/overview/accessibility-option.html]
[sites.google.com/my-trs.com/trshelpdesk/overview/reset-trs-admin-password.html]
[sites.google.com/my-trs.com/trshelpdesk/overview/reset-volunteers-password.html]
[sites.google.com/my-trs.com/trshelpdesk/overview/trs-data-privacy-faq.html]
[sites.google.com/my-trs.com/trshelpdesk/build-site-launch.html]
[sites.google.com/my-trs.com/trshelpdesk/build-site-launch/POST.39.delayed]
[sites.google.com/my-trs.com/trshelpdesk/build-site-launch/dashboard-navigation.html]
[sites.google.com/my-trs.com/trshelpdesk/build-site-launch/step-1-welcome-page.html]
[sites.google.com/my-trs.com/trshelpdesk/build-site-launch/step-2-registrant-types.html]
[sites.google.com/my-trs.com/trshelpdesk/build-site-launch/step-3-activity-groups.html]
[sites.google.com/my-trs.com/trshelpdesk/build-site-launch/step-4-activitiesschedules.html]
[sites.google.com/my-trs.com/trshelpdesk/build-site-launch/step-5-profile-questions.html]
[sites.google.com/my-trs.com/trshelpdesk/build-site-launch/step-6-waiver-confirm-coming-soon.html]
[sites.google.com/my-trs.com/trshelpdesk/build-site-launch/step-7-optional-payment-settings.html]
[sites.google.com/my-trs.com/trshelpdesk/build-site-launch/step-8-optional-integrations.html]
[sites.google.com/my-trs.com/trshelpdesk/build-site-launch/step-9-required-test-launch-site.html]
[sites.google.com/my-trs.com/trshelpdesk/build-site-launch/update-a-cloned-site.html]
[sites.google.com/my-trs.com/trshelpdesk/registration-management/auto-check-insouts.html]
[sites.google.com/my-trs.com/trshelpdesk/registration-management/user-statuses.html]
[sites.google.com/my-trs.com/trshelpdesk/registration-management.html]
[sites.google.com/my-trs.com/trshelpdesk/registration-management/cross-event-email-banners.html]
[sites.google.com/my-trs.com/trshelpdesk/registration-management/POST.3d.delayed]
[sites.google.com/my-trs.com/trshelpdesk/registration-management/user-accounts.html]
[sites.google.com/my-trs.com/trshelpdesk/registration-management/registrant-reports.html]
[sites.google.com/my-trs.com/trshelpdesk/registration-management/registrant-reports/POST.3e.delayed]
[sites.google.com/my-trs.com/trshelpdesk/registration-management/registrant-reports/general-guide-to-reports.html]
[sites.google.com/my-trs.com/trshelpdesk/registration-management/registrant-reports/availability-report.html]
[sites.google.com/my-trs.com/trshelpdesk/registration-management/registrant-reports/registration-report.html]
[sites.google.com/my-trs.com/trshelpdesk/registration-management/registrant-reports/update-a-registrants-schedules-profile.html]
[www.google.com/images/icons/product/drive-32.png]
[sites.google.com/my-trs.com/trshelpdesk/registration-management/registrant-reports/registrant-communication.html]
[sites.google.com/my-trs.com/trshelpdesk/registration-management/registrant-reports/register-for-an-existing-user.html]
[sites.google.com/my-trs.com/trshelpdesk/registration-management/site-reports.html]
[sites.google.com/my-trs.com/trshelpdesk/registration-management/financial-reports.html]
[sites.google.com/my-trs.com/trshelpdesk/registration-management/saved-reports.html]
[sites.google.com/my-trs.com/trshelpdesk/registration-management/email-campaign-reports.html]
[sites.google.com/my-trs.com/trshelpdesk/registration-management/report-schedules.html]
[sites.google.com/my-trs.com/trshelpdesk/registration-management/check-ins.html]
[sites.google.com/my-trs.com/trshelpdesk/registration-management/imports.html]
[sites.google.com/my-trs.com/trshelpdesk/faq/check-volunteers-background-check-status.40.delayed]
[sites.google.com/my-trs.com/trshelpdesk/troubleshoot.html]
[sites.google.com/my-trs.com/trshelpdesk/troubleshoot/POST.41.delayed]
[sites.google.com/my-trs.com/trshelpdesk/troubleshoot/add-images-to-description.html]
[sites.google.com/my-trs.com/trshelpdesk/troubleshoot/find-who-broke-rules.html]
[sites.google.com/my-trs.com/trshelpdesk/troubleshoot/how-do-i-view-my-live-site.html]
[sites.google.com/my-trs.com/trshelpdesk/troubleshoot/how-to-open-site-for-registration.html]
[sites.google.com/my-trs.com/trshelpdesk/troubleshoot/why-volunteers-registration-is-incomplete.html]
[sites.google.com/my-trs.com/trshelpdesk/troubleshoot/group-registration-instructions.html]
[sites.google.com/my-trs.com/trshelpdesk/troubleshoot/different-ways-to-set-up-terms-conditions.html]
[sites.google.com/my-trs.com/trshelpdesk/troubleshoot/how-to-cancel-registrations.html]
[sites.google.com/my-trs.com/trshelpdesk/troubleshoot/why-cant-guests-in-group-registration-see-certain-custom-field-questions.html]
[sites.google.com/my-trs.com/trshelpdesk/troubleshoot/attach-files-in-email.html]
[sites.google.com/my-trs.com/trshelpdesk/troubleshoot/check-volunteers-background-check-status.html]
[sites.google.com/my-trs.com/trshelpdesk/troubleshoot/run-report-for-shirt-sizes.html]
[sites.google.com/my-trs.com/trshelpdesk/troubleshoot/add-images-to-activity-description.html]
[sites.google.com/my-trs.com/trshelpdesk/_https_/app.calendarhero.com/assets/widget.js___/script_.html]
[sites.google.com/my-trs.com/trshelpdesk/overview/individual-registration-demonstration.html]
[sites.google.com/my-trs.com/trshelpdesk/overview/group-registration-instructions.html]
[sites.google.com/my-trs.com/trshelpdesk/overview/mobile-friendly-faq.html]
[sites.google.com/my-trs.com/trshelpdesk/overview/POST.html]
[sites.google.com/my-trs.com/trshelpdesk/build-site-launch/POST.html]
[sites.google.com/my-trs.com/trshelpdesk/registration-management/auto-check-insouts.html]
[sites.google.com/my-trs.com/trshelpdesk/registration-management/user-statuses.html]
[sites.google.com/my-trs.com/trshelpdesk/registration-management/cross-event-email-banners.html]
[sites.google.com/my-trs.com/trshelpdesk/registration-management/POST.html]
[sites.google.com/my-trs.com/trshelpdesk/registration-management/registrant-reports/POST.html]
[sites.google.com/my-trs.com/trshelpdesk/faq/check-volunteers-background-check-status.html]
[sites.google.com/my-trs.com/trshelpdesk/troubleshoot/POST.html]
[sites.google.com/my-trs.com/trshelpdesk/build-site-launch/general-settings.html]
[sites.google.com/my-trs.com/trshelpdesk/build-site-launch/general-settings.html]
[sites.google.com/my-trs.com/trshelpdesk/build-site-launch/before-doing-test-registrations.html]
[sites.google.com/my-trs.com/trshelpdesk/build-site-launch/before-doing-test-registrations.html]
